// Jest Snapshot v1, https://goo.gl/fbAQLP

exports[`Button render 1`] = `
.c0 {
  text-transform: uppercase;
  padding: 8px 20px;
  height: 42px;
  line-height: 42px;
  border-radius: 21px !important;
  text-align: center;
  background: #ff4c50;
  border-color: #ff4c50;
  color: #fff;
  font-weight: 500;
  cursor: pointer;
  -webkit-user-select: none;
  -moz-user-select: none;
  -ms-user-select: none;
  user-select: none;
}

.c0:hover {
  background: #bb0f13;
}

<span
  className="c0"
/>
`;
